<?xml version="1.0" encoding="UTF-8"?>
 <document xmlns="http://cnx.rice.edu/cnxml" xmlns:md="http://cnx.rice.edu/mdml" xmlns:bib="http://bibtexml.sf.net/" xmlns:m="http://www.w3.org/1998/Math/MathML" xmlns:q="http://cnx.rice.edu/qml/1.0" id="gd-idm4680" cnxml-version="0.7" module-id="new">
  <title>
NASA JPL
  </title>
  <content>
   <para id="gd-idm472344">
1. move loops and everything but RAD loop bodies out of RAD
   </para>
   <para id="gd-idm471816">
2. do #1 for MARCH
   </para>
   <para id="gd-idm471288">
3. parallelize WAVE, LAT, LON loops for RAD
   </para>
   <para id="gd-idm470776">
4. do #3 for MARCH
   </para>
   <para id="gd-idm470400">
    <newline/>
   </para>
   <para id="gd-idm469984">
Feb 22. 2012
   </para>
   <para id="gd-idm469448">
1. provide some documentation on how to flatten arrays, approaches to this -
    <emphasis effect="bold">
DONE
    </emphasis>
   </para>
   <para id="gd-idm468504">
2. aggregate input IDs for MPI and non-MPI -
    <emphasis effect="bold">
DONE
    </emphasis>
   </para>
   <para id="gd-idm467592">
3. provide some way to make it easy to see which element is being accessed in flattened arrays
   </para>
  </content>
 </document>
